pub_id	pub_name	address	city	state
0877	Binnet & Hardley	2 2nd Ave.	Washington	DC
