sonum	stor_id	ponum	sdate
3	7131	N914008	0000-00-00
4	7131	N914014	0000-00-00
14	7131	P3087a	0000-00-00
