ed_id	title_id	ed_ord
885-23-9140	MC2222	2
777-02-9831	PC1035	3
777-02-9831	PC8888	3
993-86-0420	MC2222	1
