ed_id	ed_lname	ed_fname	ed_pos	phone	address	city	state	zip	ed_boss
321-55-8906	DeLongue	Martinella	project	415 843-2222	3000 6th St.	Berkeley	CA	94710	993-86-0420
