title_id	lorange	hirange	royalty
PS2091	0	1000	0.10
PS2091	5001	50000	0.14
