au_id	title_id	au_ord	royaltyshare
486-29-1786	PS2091	4	5.50
899-46-2035	PS2091	5	0.60
998-72-3567	PS2091	1	0.50
