<eadiff_report>
    <sales>
        <missing>
            <row>
                <sonum>10</sonum>
                <stor_id>7896</stor_id>
                <ponum>QQ2299</ponum>
                <sdate>0000-00-00</sdate>
            </row>
            <row>
                <sonum>19</sonum>
                <stor_id>7896</stor_id>
                <ponum>X999</ponum>
                <sdate>0000-00-00</sdate>
            </row>
        </missing>
    </sales>
    <titleauthors>
        <missing>
            <row>
                <au_id>409-56-7008</au_id>
                <title_id>AA9008</title_id>
                <au_ord>1</au_ord>
                <royaltyshare>0.60</royaltyshare>
            </row>
            <row>
                <au_id>409-56-7008</au_id>
                <title_id>BB9999</title_id>
                <au_ord>1</au_ord>
                <royaltyshare>0.60</royaltyshare>
            </row>
        </missing>
        <additional>
            <row>
                <au_id>409-56-7008</au_id>
                <title_id>XY1032</title_id>
                <au_ord>1</au_ord>
                <royaltyshare>0.60</royaltyshare>
            </row>
        </additional>
        <not_equal>
            <key>
                <au_id/>
                <title_id/>
            </key>
            <row>
                <au_id>409-56-7008</au_id>
                <title_id>DF9008</title_id>
                <au_ord>
                    <expected>22</expected>
                    <actual>1</actual>
                <au_ord>
                <royaltyshare>
                    <expected>9.60</expected>
                    <actual>1.00</actual>
                <royaltyshare>
            </row>
            <row>
                <au_id>409-56-7008</au_id>
                <title_id>PC9999</title_id>
                <au_ord>4</au_ord>
                <royaltyshare>
                    <expected>99.8</expected>
                    <actual>5.00</actual>
                <royaltyshare>
            </row>
        </not_equal>
    </titleauthors>
</eadiff_report>
