<report>
    <sales>
        <statement><![CDATA[select * from sales where stor_id = '7896']]></statement>
        <header>
            <sonum/>
            <stor_id/>
            <ponum/>
            <sdate/>
        </header>
        <data>
            <equal>
                <sonum>10</sonum>
                <stor_id>7896</stor_id>
                <ponum>QQ2299</ponum>
                <sdate>0000-00-00</sdate>
            </equal>
            <equal>
                <sonum>11</sonum>
                <stor_id>7896</stor_id>
                <ponum>TQ456</ponum>
                <sdate>2012-12-20</sdate>
            </equal>
            <equal>
                <sonum>19</sonum>
                <stor_id>7896</stor_id>
                <ponum>X999</ponum>
                <sdate>0000-00-00</sdate>
            </equal>
        </data>
    </sales>
    <titleauthors>
        <statement><![CDATA[select * from titleauthors where au_id = '409-56-7008']]></statement>
        <header>
            <au_id/>
            <title_id/>
            <au_ord/>
            <royaltyshare/>
        </header>
        <data>
            <equal>
                <au_id>409-56-7008</au_id>
                <title_id>BU1032</title_id>
                <au_ord>1</au_ord>
                <royaltyshare>0.60</royaltyshare>
            </equal>
            <equal>
                <au_id>409-56-7008</au_id>
                <title_id>BU1035</title_id>
                <au_ord>2</au_ord>
                <royaltyshare>0.40</royaltyshare>
            </equal>
            <equal>
                <au_id>409-56-7008</au_id>
                <title_id>MC2222</title_id>
                <au_ord>1</au_ord>
                <royaltyshare>1.00</royaltyshare>
            </equal>
            <equal>
                <au_id>409-56-7008</au_id>
                <title_id>PC1035</title_id>
                <au_ord>1</au_ord>
                <royaltyshare>1.00</royaltyshare>
            </equal>
            <equal>
                <au_id>409-56-7008</au_id>
                <title_id>PC9999</title_id>
                <au_ord>1</au_ord>
                <royaltyshare>1.00</royaltyshare>
            </equal>
            <equal>
                <au_id>409-56-7008</au_id>
                <title_id>PS3333</title_id>
                <au_ord>1</au_ord>
                <royaltyshare>1.00</royaltyshare>
            </equal>
            <equal>
                <au_id>409-56-7008</au_id>
                <title_id>PS7777</title_id>
                <au_ord>1</au_ord>
                <royaltyshare>1.00</royaltyshare>
            </equal>
        </data>
    </titleauthors>
</report>

