sonum	stor_id	ponum	sdate
19	7896	X999	0000-00-00
10	7896	QQ2299	0000-00-00
11	7896	TQ456	2012-12-20
