au_id	title_id	au_ord	royaltyshare
409-56-7008	XY1032	1	0.60
409-56-7008	DF9008	1	1.00
409-56-7008	PC9999	4	5.00
409-56-7008	MC2222	8	9.00
409-56-7008	BU1035	2	0.40
409-56-7008	PC1035	1	1.00
