au_id	title_id	au_ord	royaltyshare
899-46-2035	PS2091	2	0.50
998-72-3567	PS2091	1	0.50
