<eadiff_report>
    <sales>
        <missing>
            <row>
                <sonum>19</sonum>
                <stor_id>7896</stor_id>
                <ponum>X999</ponum>
                <sdate>0000-00-00</sdate>
            </row>
        </missing>
        <unmatched>
            <row count="1">
                <stor_id>7896</stor_id>
                <ponum>
                    <unmatched>QQ2299</unmatched>
                </ponum>
                <sdate>
                    <unmatched>0000-00-00</unmatched>
                </sdate>
            </row>
        </unmatched>
    </sales>
    <titleauthors>
        <missing>
            <row>
                <au_id>409-56-7008</au_id>
                <title_id>BB9999</title_id>
                <au_ord>1</au_ord>
                <royaltyshare>0.60</royaltyshare>
            </row>
        </missing>
        <additional>
            <row>
                <au_id>409-56-7008</au_id>
                <title_id>XY1032</title_id>
                <au_ord>1</au_ord>
                <royaltyshare>0.60</royaltyshare>
            </row>
        </additional>
        <not_equal>
            <key>
                <au_id/>
                <title_id/>
            </key>
            <row>
                <au_id>409-56-7008</au_id>
                <title_id>DF9008</title_id>
                <au_ord>
                    <expected>22</expected>
                    <actual>1</actual>
                <au_ord>
                <royaltyshare>
                    <expected>9.60</expected>
                    <actual>1.00</actual>
                <royaltyshare>
            </row>
            <row>
                <au_id>409-56-7008</au_id>
                <title_id>PC9999</title_id>
                <au_ord>4</au_ord>
                <royaltyshare>
                    <expected>99.8</expected>
                    <actual>5.00</actual>
                <royaltyshare>
            </row>
        </not_equal>
        <unmatched>
            <row count="1">
                <title_id>
                    <unmatched>AA9008</unmatched>
                </title_id>
                <au_ord>1</au_ord>
                <royaltyshare>0.60</royaltyshare>
            </row>
        </unmatched>
    </titleauthors>
</eadiff_report>
