<report>
    <sales>
        <statement><![CDATA[select * from sales where stor_id = '7896']]></statement>
        <header>
            <sonum/>
            <stor_id/>
            <ponum/>
            <sdate/>
        </header>
        <data>
            <missing>
                <sonum>10</sonum>
                <stor_id>7896</stor_id>
                <ponum>QQ2299</ponum>
                <sdate>0000-00-00</sdate>
            </missing>
            <different>
                <sonum>11</sonum>
                <stor_id>7896</stor_id>
                <ponum>
                    <old_value>TQ456</old_value>
                    <new_value>AA123</new_value>
                </ponum>
                <sdate>
                    <old_value>2012-12-20</old_value>
                    <new_value>2012-99-20</new_value>
                </sdate>
            </different>
            <missing>
                <sonum>19</sonum>
                <stor_id>7896</stor_id>
                <ponum>X999</ponum>
                <sdate>0000-00-00</sdate>
            </missing>
        </data>
    </sales>
    <titleauthors>
        <statement><![CDATA[select * from titleauthors where au_id = '409-56-7008']]></statement>
        <header>
            <au_id/>
            <title_id/>
            <au_ord/>
            <royaltyshare/>
        </header>
        <data>
            <missing>
                <au_id>409-56-7008</au_id>
                <title_id>BU1032</title_id>
                <au_ord>1</au_ord>
                <royaltyshare>0.60</royaltyshare>
            </missing>
            <equal>
                <au_id>409-56-7008</au_id>
                <title_id>BU1035</title_id>
                <au_ord>2</au_ord>
                <royaltyshare>0.40</royaltyshare>
            </equal>
            <additional>
                <au_id>409-56-7008</au_id>
                <title_id>DF9008</title_id>
                <au_ord>1</au_ord>
                <royaltyshare>1.00</royaltyshare>
            </additional>
            <different>
                <au_id>409-56-7008</au_id>
                <title_id>MC2222</title_id>
                <au_ord>
                    <old_value>1</old_value>
                    <new_value>8</new_value>
                </au_ord>
                <royaltyshare>
                    <old_value>1.00</old_value>
                    <new_value>9.00</new_value>
                </royaltyshare>
            </different>
            <equal>
                <au_id>409-56-7008</au_id>
                <title_id>PC1035</title_id>
                <au_ord>1</au_ord>
                <royaltyshare>1.00</royaltyshare>
            </equal>
            <different>
                <au_id>409-56-7008</au_id>
                <title_id>PC9999</title_id>
                <au_ord>
                    <old_value>1</old_value>
                    <new_value>4</new_value>
                </au_ord>
                <royaltyshare>
                    <old_value>1.00</old_value>
                    <new_value>5.00</new_value>
                </royaltyshare>
            </different>
            <missing>
                <au_id>409-56-7008</au_id>
                <title_id>PS3333</title_id>
                <au_ord>1</au_ord>
                <royaltyshare>1.00</royaltyshare>
            </missing>
            <missing>
                <au_id>409-56-7008</au_id>
                <title_id>PS7777</title_id>
                <au_ord>1</au_ord>
                <royaltyshare>1.00</royaltyshare>
            </missing>
            <additional>
                <au_id>409-56-7008</au_id>
                <title_id>XY1032</title_id>
                <au_ord>1</au_ord>
                <royaltyshare>0.60</royaltyshare>
            </additional>
        </data>
    </titleauthors>
</report>

