au_id	title_id	au_ord	royaltyshare
409-56-7008	BU1032	1	0.60
409-56-7008	PS7777	1	1.00
409-56-7008	PC9999	1	1.00
409-56-7008	MC2222	1	1.00
409-56-7008	PS3333	1	1.00
409-56-7008	BU1035	2	0.40
409-56-7008	PC1035	1	1.00
